2025-04-12 01:17:03.090 | INFO     | __main__:run_simulation:144 - Starting simulation with params: {'api_url': 'http://localhost:5000', 'seed': 'default', 'targetDispatches': 100, 'maxActiveCalls': 15, 'poll_interval': 0.3, 'status_interval': 5}
2025-04-12 01:17:03.090 | DEBUG    | __main__:create_session:51 - Creating session with base_url=http://localhost:5000, retries=5, backoff=1
2025-04-12 01:17:03.096 | INFO     | __main__:run_simulation:159 - Reset call successful
2025-04-12 01:17:03.096 | INFO     | __main__:_build_city_kdtree:62 - Fetching city data for KDTree from http://localhost:5000/medical/search
2025-04-12 01:17:04.987 | INFO     | __main__:_build_city_kdtree:77 - KDTree built with 42 cities
2025-04-12 01:17:04.990 | INFO     | __main__:process_emergency:172 - Processing call: {'city': 'Ulmoasa', 'county': 'Maramureș', 'latitude': 47.7324, 'longitude': 23.5332, 'requests': [{'Type': 'Medical', 'Quantity': 0}, {'Type': 'Fire', 'Quantity': 2}, {'Type': 'Police', 'Quantity': 0}, {'Type': 'Rescue', 'Quantity': 2}, {'Type': 'Utility', 'Quantity': 2}]}
2025-04-12 01:17:04.991 | DEBUG    | __main__:process_emergency:189 - Found 6 needed. Attempting dispatch from nearest cities.
2025-04-12 01:17:05.429 | DEBUG    | __main__:_fetch_current_supply:94 - Did not find any supply for Maramureș-Baia Mare
2025-04-12 01:17:05.590 | DEBUG    | __main__:_fetch_current_supply:94 - Did not find any supply for Satu Mare-Satu Mare
2025-04-12 01:17:05.835 | DEBUG    | __main__:_fetch_current_supply:94 - Did not find any supply for Sălaj-Zalău
2025-04-12 01:17:07.738 | DEBUG    | __main__:_fetch_current_supply:94 - Did not find any supply for Cluj-Cluj-Napoca
2025-04-12 01:17:08.227 | DEBUG    | __main__:_fetch_current_supply:94 - Did not find any supply for Bistrița-Năsăud-Bistrița
2025-04-12 01:17:08.273 | DEBUG    | __main__:_fetch_current_supply:94 - Did not find any supply for Covasna-Sfântu Gheorghe
2025-04-12 01:17:10.258 | DEBUG    | __main__:_fetch_current_supply:94 - Did not find any supply for Mureș-Târgu Mureș
2025-04-12 01:17:10.453 | DEBUG    | __main__:_fetch_current_supply:94 - Did not find any supply for Alba-Alba Iulia
2025-04-12 01:17:10.801 | DEBUG    | __main__:_fetch_current_supply:94 - Did not find any supply for Bihor-Oradea
2025-04-12 01:17:11.172 | DEBUG    | __main__:_fetch_current_supply:94 - Did not find any supply for Hunedoara-Deva
2025-04-12 01:17:11.370 | DEBUG    | __main__:_fetch_current_supply:94 - Did not find any supply for Sibiu-Sibiu
2025-04-12 01:17:13.294 | DEBUG    | __main__:_fetch_current_supply:94 - Did not find any supply for Arad-Arad
2025-04-12 01:17:13.296 | DEBUG    | __main__:_fetch_current_supply:94 - Did not find any supply for Olt-Slatina
2025-04-12 01:17:13.474 | DEBUG    | __main__:_fetch_current_supply:94 - Did not find any supply for Harghita-Miercurea-Ciuc
2025-04-12 01:17:13.675 | DEBUG    | __main__:_fetch_current_supply:94 - Did not find any supply for Brașov-Brașov
2025-04-12 01:17:13.677 | DEBUG    | __main__:_fetch_current_supply:94 - Did not find any supply for Gorj-Târgu Jiu
2025-04-12 01:17:13.717 | DEBUG    | __main__:_fetch_current_supply:94 - Did not find any supply for Vâlcea-Râmnicu Vâlcea
2025-04-12 01:17:13.802 | DEBUG    | __main__:_fetch_current_supply:94 - Did not find any supply for Teleorman-Alexandria
2025-04-12 01:17:13.908 | DEBUG    | __main__:_fetch_current_supply:94 - Did not find any supply for Caraș-Severin-Reșița
2025-04-12 01:17:14.064 | DEBUG    | __main__:_fetch_current_supply:94 - Did not find any supply for Neamț-Piatra-Neamț
2025-04-12 01:17:14.513 | DEBUG    | __main__:_fetch_current_supply:94 - Did not find any supply for Suceava-Suceava
2025-04-12 01:17:14.995 | DEBUG    | __main__:_fetch_current_supply:94 - Did not find any supply for Timiș-Timișoara
2025-04-12 01:17:17.125 | DEBUG    | __main__:_fetch_current_supply:94 - Did not find any supply for Argeș-Pitești
2025-04-12 01:17:17.295 | DEBUG    | __main__:_fetch_current_supply:94 - Did not find any supply for Botoșani-Botoșani
2025-04-12 01:17:17.637 | DEBUG    | __main__:_fetch_current_supply:94 - Did not find any supply for Mehedinți-Drobeta-Turnu Severin
2025-04-12 01:17:18.119 | DEBUG    | __main__:_fetch_current_supply:94 - Did not find any supply for Dâmbovița-Târgoviște
2025-04-12 01:17:18.310 | DEBUG    | __main__:_fetch_current_supply:94 - Did not find any supply for Dolj-Craiova
2025-04-12 01:17:20.434 | DEBUG    | __main__:_fetch_current_supply:94 - Did not find any supply for Ialomița-Slobozia
2025-04-12 01:17:20.652 | DEBUG    | __main__:_fetch_current_supply:94 - Did not find any supply for Bacău-Bacău
2025-04-12 01:17:22.905 | DEBUG    | __main__:_fetch_current_supply:94 - Did not find any supply for Prahova-Ploiești
2025-04-12 01:17:23.224 | DEBUG    | __main__:_fetch_current_supply:94 - Did not find any supply for Iași-Iași
2025-04-12 01:17:23.291 | DEBUG    | __main__:_fetch_current_supply:94 - Did not find any supply for Buzău-Buzău
2025-04-12 01:17:23.421 | DEBUG    | __main__:_fetch_current_supply:94 - Did not find any supply for Ilfov-Buftea
2025-04-12 01:17:23.423 | DEBUG    | __main__:_fetch_current_supply:94 - Did not find any supply for București-București
2025-04-12 01:17:23.620 | DEBUG    | __main__:_fetch_current_supply:94 - Did not find any supply for Vrancea-Focșani
2025-04-12 01:17:25.399 | DEBUG    | __main__:_fetch_current_supply:94 - Did not find any supply for Giurgiu-Giurgiu
2025-04-12 01:17:26.686 | DEBUG    | __main__:_fetch_current_supply:94 - Did not find any supply for Vaslui-Vaslui
2025-04-12 01:17:27.157 | DEBUG    | __main__:_fetch_current_supply:94 - Did not find any supply for Galați-Galați
2025-04-12 01:17:29.215 | DEBUG    | __main__:_fetch_current_supply:94 - Did not find any supply for Brăila-Brăila
2025-04-12 01:17:29.368 | DEBUG    | __main__:_fetch_current_supply:94 - Did not find any supply for Călărași-Călărași
2025-04-12 01:17:29.370 | DEBUG    | __main__:_fetch_current_supply:94 - Did not find any supply for Tulcea-Tulcea
2025-04-12 01:17:29.725 | DEBUG    | __main__:_fetch_current_supply:94 - Did not find any supply for Constanța-Constanța
2025-04-12 01:17:29.725 | INFO     | __main__:process_emergency:202 - Call processing done. Dispatched 0 of 6
2025-04-12 01:17:29.726 | INFO     | __main__:process_emergency:172 - Processing call: {'city': 'Baia Mare', 'county': 'Maramureș', 'latitude': 47.6573, 'longitude': 23.5681, 'requests': [{'Type': 'Medical', 'Quantity': 4}, {'Type': 'Fire', 'Quantity': 0}, {'Type': 'Police', 'Quantity': 4}, {'Type': 'Rescue', 'Quantity': 0}, {'Type': 'Utility', 'Quantity': 4}]}
2025-04-12 01:17:29.726 | DEBUG    | __main__:process_emergency:189 - Found 12 needed. Attempting dispatch from nearest cities.
2025-04-12 01:17:30.167 | DEBUG    | __main__:_fetch_current_supply:94 - Did not find any supply for Maramureș-Baia Mare
2025-04-12 01:17:30.169 | DEBUG    | __main__:_fetch_current_supply:94 - Did not find any supply for Satu Mare-Satu Mare
2025-04-12 01:17:30.479 | DEBUG    | __main__:_fetch_current_supply:94 - Did not find any supply for Sălaj-Zalău
2025-04-12 01:17:30.481 | DEBUG    | __main__:_fetch_current_supply:94 - Did not find any supply for Cluj-Cluj-Napoca
2025-04-12 01:17:30.716 | DEBUG    | __main__:_fetch_current_supply:94 - Did not find any supply for Bistrița-Năsăud-Bistrița
2025-04-12 01:17:30.786 | DEBUG    | __main__:_fetch_current_supply:94 - Did not find any supply for Covasna-Sfântu Gheorghe
2025-04-12 01:17:31.211 | DEBUG    | __main__:_fetch_current_supply:94 - Did not find any supply for Mureș-Târgu Mureș
2025-04-12 01:17:31.263 | DEBUG    | __main__:_fetch_current_supply:94 - Did not find any supply for Alba-Alba Iulia
2025-04-12 01:17:31.674 | DEBUG    | __main__:_fetch_current_supply:94 - Did not find any supply for Bihor-Oradea
2025-04-12 01:17:31.822 | DEBUG    | __main__:_fetch_current_supply:94 - Did not find any supply for Hunedoara-Deva
2025-04-12 01:17:32.185 | DEBUG    | __main__:_fetch_current_supply:94 - Did not find any supply for Sibiu-Sibiu
2025-04-12 01:17:32.544 | DEBUG    | __main__:_fetch_current_supply:94 - Did not find any supply for Arad-Arad
2025-04-12 01:17:32.631 | DEBUG    | __main__:_fetch_current_supply:94 - Did not find any supply for Olt-Slatina
2025-04-12 01:17:32.986 | DEBUG    | __main__:_fetch_current_supply:94 - Did not find any supply for Harghita-Miercurea-Ciuc
2025-04-12 01:17:33.331 | DEBUG    | __main__:_fetch_current_supply:94 - Did not find any supply for Brașov-Brașov
